  console.log
    [dotenv@17.3.1] injecting env (8) from .env -- tip: ≡ƒöÉ encrypt with Dotenvx: https://dotenvx.com

      at _log (node_modules/dotenv/lib/main.js:139:11)

  console.log
    [dotenv@17.3.1] injecting env (8) from .env -- tip: ΓÜÖ∩╕Å  override existing env vars with { override: true }

      at _log (node_modules/dotenv/lib/main.js:139:11)

  console.log
    [dotenv@17.3.1] injecting env (8) from .env -- tip: ΓÜÖ∩╕Å  suppress all logs with { quiet: true }

      at _log (node_modules/dotenv/lib/main.js:139:11)

  console.log
    [dotenv@17.3.1] injecting env (0) from .env -- tip: ΓÜÖ∩╕Å  specify custom .env file path with { path: '/custom/path/.env' }

      at _log (node_modules/dotenv/lib/main.js:139:11)

  console.log
    [dotenv@17.3.1] injecting env (0) from .env -- tip: ΓÜÖ∩╕Å  override existing env vars with { override: true }

      at _log (node_modules/dotenv/lib/main.js:139:11)

  console.log
    [dotenv@17.3.1] injecting env (0) from .env -- tip: ΓÜÖ∩╕Å  enable debug logging with { debug: true }

      at _log (node_modules/dotenv/lib/main.js:139:11)

  console.warn
    ΓÜá∩╕Å  CORS_ORIGIN not set, allowing all origins (not recommended for production)

    [0m [90m 24 |[39m     }
     [90m 25 |[39m     [36mif[39m ([33m![39mprocess[33m.[39menv[33m.[39m[33mCORS_ORIGIN[39m) {
    [31m[1m>[22m[39m[90m 26 |[39m         console[33m.[39mwarn([32m'ΓÜá∩╕Å  CORS_ORIGIN not set, allowing all origins (not recommended for production)'[39m)[33m;[39m
     [90m    |[39m                 [31m[1m^[22m[39m
     [90m 27 |[39m     }
     [90m 28 |[39m }[33m;[39m
     [90m 29 |[39m[0m

      at warn (src/utils/validateEnv.js:26:17)
      at Object.validateEnv (src/app.js:11:1)
      at Object.require (tests/order.test.js:2:13)

  console.warn
    ΓÜá∩╕Å  CORS_ORIGIN not set, allowing all origins (not recommended for production)

    [0m [90m 24 |[39m     }
     [90m 25 |[39m     [36mif[39m ([33m![39mprocess[33m.[39menv[33m.[39m[33mCORS_ORIGIN[39m) {
    [31m[1m>[22m[39m[90m 26 |[39m         console[33m.[39mwarn([32m'ΓÜá∩╕Å  CORS_ORIGIN not set, allowing all origins (not recommended for production)'[39m)[33m;[39m
     [90m    |[39m                 [31m[1m^[22m[39m
     [90m 27 |[39m     }
     [90m 28 |[39m }[33m;[39m
     [90m 29 |[39m[0m

      at warn (src/utils/validateEnv.js:26:17)
      at Object.validateEnv (src/app.js:11:1)
      at Object.require (tests/property.test.js:2:13)

  console.warn
    ΓÜá∩╕Å  CORS_ORIGIN not set, allowing all origins (not recommended for production)

    [0m [90m 24 |[39m     }
     [90m 25 |[39m     [36mif[39m ([33m![39mprocess[33m.[39menv[33m.[39m[33mCORS_ORIGIN[39m) {
    [31m[1m>[22m[39m[90m 26 |[39m         console[33m.[39mwarn([32m'ΓÜá∩╕Å  CORS_ORIGIN not set, allowing all origins (not recommended for production)'[39m)[33m;[39m
     [90m    |[39m                 [31m[1m^[22m[39m
     [90m 27 |[39m     }
     [90m 28 |[39m }[33m;[39m
     [90m 29 |[39m[0m

      at warn (src/utils/validateEnv.js:26:17)
      at Object.validateEnv (src/app.js:11:1)
      at Object.require (tests/auth.test.js:2:13)

  console.log
    [90m[2026-02-21T02:51:56.734Z][0m [34mINFO[0m Application initialized {"routes":["/api/auth","/api/locations","/api/properties","/api/orders","/api/favorites","/api/admin/analytics"]}

      at log (src/utils/logger.js:30:17)

  console.log
    [90m[2026-02-21T02:51:56.805Z][0m [34mINFO[0m Application initialized {"routes":["/api/auth","/api/locations","/api/properties","/api/orders","/api/favorites","/api/admin/analytics"]}

      at log (src/utils/logger.js:30:17)

  console.log
    [90m[2026-02-21T02:51:56.871Z][0m [34mINFO[0m Application initialized {"routes":["/api/auth","/api/locations","/api/properties","/api/orders","/api/favorites","/api/admin/analytics"]}

      at log (src/utils/logger.js:30:17)

  console.log
    [90m[2026-02-21T02:51:57.268Z][0m [31mERROR[0m "category_id" is required {"stack":"ValidationError: \"category_id\" is required","url":"/api/properties","method":"POST","ip":"::ffff:127.0.0.1","user":7}

      at log (src/utils/logger.js:30:17)

  console.log
    [90m[2026-02-21T02:51:57.359Z][0m [31mERROR[0m User already exists with this email or phone number. {"stack":"Error: User already exists with this email or phone number.\n    at exports.signup (C:\\Users\\dell\\Desktop\\testing\\src\\controllers\\authController.js:21:25)\n    at processTicksAndRejections (node:internal/process/task_queues:105:5)","url":"/api/auth/signup","method":"POST","ip":"::ffff:127.0.0.1","user":null}

      at log (src/utils/logger.js:30:17)

  console.log
    [90m[2026-02-21T02:51:57.397Z][0m [31mERROR[0m "first_name" is required {"stack":"ValidationError: \"first_name\" is required","url":"/api/auth/signup","method":"POST","ip":"::ffff:127.0.0.1","user":null}

      at log (src/utils/logger.js:30:17)

node.exe : FAIL tests/order.test.js
At C:\Program Files\nodejs\npx.ps1:29 char:3
+   & $NODE_EXE $NPX_CLI_JS $args
+   ~~~~~~~~~~~~~~~~~~~~~~~~~~~~~
    + CategoryInfo          : NotSpecified: ( 
   FAIL tests/order.test.js:String) [], Remo  
  teException
    + FullyQualifiedErrorId : NativeCommandEr 
   ror
 
  Orders & Invoices API
    POST /api/orders (Client Purchase Request)
      ├ù should create a purchase order for 
an approved property (7 ms)
      ├ù should block duplicate orders for 
same property (1 ms)
    GET /api/orders/my (Client Orders)
      ├ù should return current client orders 
(1 ms)
    Admin Order Management
      ├ù should let admin view all orders
      ├ù should let admin accept an order
    Admin Invoice Management
      ├ù should create an invoice for the 
accepted order
      ├ù should list all invoices (1 ms)
      ├ù should mark an invoice as paid

  ΓùÅ Orders & Invoices API ΓÇ║ POST 
/api/orders (Client Purchase Request) ΓÇ║ 
should create a purchase order for an 
approved property

    TypeError: Cannot read properties of 
undefined (reading 'id')

    [0m [90m 29 |[39m             [33m.[3
9m[36mset[39m([32m'Authorization'[39m[33m
,[39m [32m`Bearer ${adminToken}`[39m)
     [90m 30 |[39m             
[33m.[39msend({
    [31m[1m>[22m[39m[90m 31 |[39m       
          category_id[33m:[39m cat[33m.[39
mrows[[35m0[39m][33m.[39mid[33m,[39m 
location_id[33m:[39m loc[33m.[39mrows[[35
m0[39m][33m.[39mid[33m,[39m
     [90m    |[39m                          
                [31m[1m^[22m[39m
     [90m 32 |[39m                 
title_ar[33m:[39m [32m'┘ü┘è┘ä╪º 
╪º╪«╪¬╪¿╪º╪▒ ╪º┘ä╪╖┘ä╪¿╪º╪¬'[39m[33m,[39m 
description_ar[33m:[39m [32m'┘ê╪╡┘ü 
╪¬╪¼╪▒┘è╪¿┘è ┘ä┘ä┘ü┘è┘ä╪º ┘ä╪º╪«╪¬╪¿╪º╪▒ 
╪º┘ä╪╖┘ä╪¿╪º╪¬ 
┘ê╪º┘ä┘ü┘ê╪º╪¬┘è╪▒'[39m[33m,[39m
     [90m 33 |[39m                 
listing_type[33m:[39m 
[32m'sale'[39m[33m,[39m 
property_origin[33m:[39m 
[32m'primary'[39m[33m,[39m 
finishing_type[33m:[39m 
[32m'fully_finished'[39m[33m,[39m
     [90m 34 |[39m                 
legal_status[33m:[39m 
[32m'registered'[39m[33m,[39m 
price[33m:[39m 
[35m10000000[39m[33m,[39m 
area_sqm[33m:[39m 
[35m350[39m[33m,[39m[0m

      at Object.id (tests/order.test.js:31:42)

  ΓùÅ Orders & Invoices API ΓÇ║ POST 
/api/orders (Client Purchase Request) ΓÇ║ 
should block duplicate orders for same 
property

    TypeError: Cannot read properties of 
undefined (reading 'id')

    [0m [90m 29 |[39m             [33m.[3
9m[36mset[39m([32m'Authorization'[39m[33m
,[39m [32m`Bearer ${adminToken}`[39m)
     [90m 30 |[39m             
[33m.[39msend({
    [31m[1m>[22m[39m[90m 31 |[39m       
          category_id[33m:[39m cat[33m.[39
mrows[[35m0[39m][33m.[39mid[33m,[39m 
location_id[33m:[39m loc[33m.[39mrows[[35
m0[39m][33m.[39mid[33m,[39m
     [90m    |[39m                          
                [31m[1m^[22m[39m
     [90m 32 |[39m                 
title_ar[33m:[39m [32m'┘ü┘è┘ä╪º 
╪º╪«╪¬╪¿╪º╪▒ ╪º┘ä╪╖┘ä╪¿╪º╪¬'[39m[33m,[39m 
description_ar[33m:[39m [32m'┘ê╪╡┘ü 
╪¬╪¼╪▒┘è╪¿┘è ┘ä┘ä┘ü┘è┘ä╪º ┘ä╪º╪«╪¬╪¿╪º╪▒ 
╪º┘ä╪╖┘ä╪¿╪º╪¬ 
┘ê╪º┘ä┘ü┘ê╪º╪¬┘è╪▒'[39m[33m,[39m
     [90m 33 |[39m                 
listing_type[33m:[39m 
[32m'sale'[39m[33m,[39m 
property_origin[33m:[39m 
[32m'primary'[39m[33m,[39m 
finishing_type[33m:[39m 
[32m'fully_finished'[39m[33m,[39m
     [90m 34 |[39m                 
legal_status[33m:[39m 
[32m'registered'[39m[33m,[39m 
price[33m:[39m 
[35m10000000[39m[33m,[39m 
area_sqm[33m:[39m 
[35m350[39m[33m,[39m[0m

      at Object.id (tests/order.test.js:31:42)

  ΓùÅ Orders & Invoices API ΓÇ║ GET 
/api/orders/my (Client Orders) ΓÇ║ should 
return current client orders

    TypeError: Cannot read properties of 
undefined (reading 'id')

    [0m [90m 29 |[39m             [33m.[3
9m[36mset[39m([32m'Authorization'[39m[33m
,[39m [32m`Bearer ${adminToken}`[39m)
     [90m 30 |[39m             
[33m.[39msend({
    [31m[1m>[22m[39m[90m 31 |[39m       
          category_id[33m:[39m cat[33m.[39
mrows[[35m0[39m][33m.[39mid[33m,[39m 
location_id[33m:[39m loc[33m.[39mrows[[35
m0[39m][33m.[39mid[33m,[39m
     [90m    |[39m                          
                [31m[1m^[22m[39m
     [90m 32 |[39m                 
title_ar[33m:[39m [32m'┘ü┘è┘ä╪º 
╪º╪«╪¬╪¿╪º╪▒ ╪º┘ä╪╖┘ä╪¿╪º╪¬'[39m[33m,[39m 
description_ar[33m:[39m [32m'┘ê╪╡┘ü 
╪¬╪¼╪▒┘è╪¿┘è ┘ä┘ä┘ü┘è┘ä╪º ┘ä╪º╪«╪¬╪¿╪º╪▒ 
╪º┘ä╪╖┘ä╪¿╪º╪¬ 
┘ê╪º┘ä┘ü┘ê╪º╪¬┘è╪▒'[39m[33m,[39m
     [90m 33 |[39m                 
listing_type[33m:[39m 
[32m'sale'[39m[33m,[39m 
property_origin[33m:[39m 
[32m'primary'[39m[33m,[39m 
finishing_type[33m:[39m 
[32m'fully_finished'[39m[33m,[39m
     [90m 34 |[39m                 
legal_status[33m:[39m 
[32m'registered'[39m[33m,[39m 
price[33m:[39m 
[35m10000000[39m[33m,[39m 
area_sqm[33m:[39m 
[35m350[39m[33m,[39m[0m

      at Object.id (tests/order.test.js:31:42)

  ΓùÅ Orders & Invoices API ΓÇ║ Admin Order 
Management ΓÇ║ should let admin view all 
orders

    TypeError: Cannot read properties of 
undefined (reading 'id')

    [0m [90m 29 |[39m             [33m.[3
9m[36mset[39m([32m'Authorization'[39m[33m
,[39m [32m`Bearer ${adminToken}`[39m)
     [90m 30 |[39m             
[33m.[39msend({
    [31m[1m>[22m[39m[90m 31 |[39m       
          category_id[33m:[39m cat[33m.[39
mrows[[35m0[39m][33m.[39mid[33m,[39m 
location_id[33m:[39m loc[33m.[39mrows[[35
m0[39m][33m.[39mid[33m,[39m
     [90m    |[39m                          
                [31m[1m^[22m[39m
     [90m 32 |[39m                 
title_ar[33m:[39m [32m'┘ü┘è┘ä╪º 
╪º╪«╪¬╪¿╪º╪▒ ╪º┘ä╪╖┘ä╪¿╪º╪¬'[39m[33m,[39m 
description_ar[33m:[39m [32m'┘ê╪╡┘ü 
╪¬╪¼╪▒┘è╪¿┘è ┘ä┘ä┘ü┘è┘ä╪º ┘ä╪º╪«╪¬╪¿╪º╪▒ 
╪º┘ä╪╖┘ä╪¿╪º╪¬ 
┘ê╪º┘ä┘ü┘ê╪º╪¬┘è╪▒'[39m[33m,[39m
     [90m 33 |[39m                 
listing_type[33m:[39m 
[32m'sale'[39m[33m,[39m 
property_origin[33m:[39m 
[32m'primary'[39m[33m,[39m 
finishing_type[33m:[39m 
[32m'fully_finished'[39m[33m,[39m
     [90m 34 |[39m                 
legal_status[33m:[39m 
[32m'registered'[39m[33m,[39m 
price[33m:[39m 
[35m10000000[39m[33m,[39m 
area_sqm[33m:[39m 
[35m350[39m[33m,[39m[0m

      at Object.id (tests/order.test.js:31:42)

  ΓùÅ Orders & Invoices API ΓÇ║ Admin Order 
Management ΓÇ║ should let admin accept an 
order

    TypeError: Cannot read properties of 
undefined (reading 'id')

    [0m [90m 29 |[39m             [33m.[3
9m[36mset[39m([32m'Authorization'[39m[33m
,[39m [32m`Bearer ${adminToken}`[39m)
     [90m 30 |[39m             
[33m.[39msend({
    [31m[1m>[22m[39m[90m 31 |[39m       
          category_id[33m:[39m cat[33m.[39
mrows[[35m0[39m][33m.[39mid[33m,[39m 
location_id[33m:[39m loc[33m.[39mrows[[35
m0[39m][33m.[39mid[33m,[39m
     [90m    |[39m                          
                [31m[1m^[22m[39m
     [90m 32 |[39m                 
title_ar[33m:[39m [32m'┘ü┘è┘ä╪º 
╪º╪«╪¬╪¿╪º╪▒ ╪º┘ä╪╖┘ä╪¿╪º╪¬'[39m[33m,[39m 
description_ar[33m:[39m [32m'┘ê╪╡┘ü 
╪¬╪¼╪▒┘è╪¿┘è ┘ä┘ä┘ü┘è┘ä╪º ┘ä╪º╪«╪¬╪¿╪º╪▒ 
╪º┘ä╪╖┘ä╪¿╪º╪¬ 
┘ê╪º┘ä┘ü┘ê╪º╪¬┘è╪▒'[39m[33m,[39m
     [90m 33 |[39m                 
listing_type[33m:[39m 
[32m'sale'[39m[33m,[39m 
property_origin[33m:[39m 
[32m'primary'[39m[33m,[39m 
finishing_type[33m:[39m 
[32m'fully_finished'[39m[33m,[39m
     [90m 34 |[39m                 
legal_status[33m:[39m 
[32m'registered'[39m[33m,[39m 
price[33m:[39m 
[35m10000000[39m[33m,[39m 
area_sqm[33m:[39m 
[35m350[39m[33m,[39m[0m

      at Object.id (tests/order.test.js:31:42)

  ΓùÅ Orders & Invoices API ΓÇ║ Admin Invoice 
Management ΓÇ║ should create an invoice for 
the accepted order

    TypeError: Cannot read properties of 
undefined (reading 'id')

    [0m [90m 29 |[39m             [33m.[3
9m[36mset[39m([32m'Authorization'[39m[33m
,[39m [32m`Bearer ${adminToken}`[39m)
     [90m 30 |[39m             
[33m.[39msend({
    [31m[1m>[22m[39m[90m 31 |[39m       
          category_id[33m:[39m cat[33m.[39
mrows[[35m0[39m][33m.[39mid[33m,[39m 
location_id[33m:[39m loc[33m.[39mrows[[35
m0[39m][33m.[39mid[33m,[39m
     [90m    |[39m                          
                [31m[1m^[22m[39m
     [90m 32 |[39m                 
title_ar[33m:[39m [32m'┘ü┘è┘ä╪º 
╪º╪«╪¬╪¿╪º╪▒ ╪º┘ä╪╖┘ä╪¿╪º╪¬'[39m[33m,[39m 
description_ar[33m:[39m [32m'┘ê╪╡┘ü 
╪¬╪¼╪▒┘è╪¿┘è ┘ä┘ä┘ü┘è┘ä╪º ┘ä╪º╪«╪¬╪¿╪º╪▒ 
╪º┘ä╪╖┘ä╪¿╪º╪¬ 
┘ê╪º┘ä┘ü┘ê╪º╪¬┘è╪▒'[39m[33m,[39m
     [90m 33 |[39m                 
listing_type[33m:[39m 
[32m'sale'[39m[33m,[39m 
property_origin[33m:[39m 
[32m'primary'[39m[33m,[39m 
finishing_type[33m:[39m 
[32m'fully_finished'[39m[33m,[39m
     [90m 34 |[39m                 
legal_status[33m:[39m 
[32m'registered'[39m[33m,[39m 
price[33m:[39m 
[35m10000000[39m[33m,[39m 
area_sqm[33m:[39m 
[35m350[39m[33m,[39m[0m

      at Object.id (tests/order.test.js:31:42)

  ΓùÅ Orders & Invoices API ΓÇ║ Admin Invoice 
Management ΓÇ║ should list all invoices

    TypeError: Cannot read properties of 
undefined (reading 'id')

    [0m [90m 29 |[39m             [33m.[3
9m[36mset[39m([32m'Authorization'[39m[33m
,[39m [32m`Bearer ${adminToken}`[39m)
     [90m 30 |[39m             
[33m.[39msend({
    [31m[1m>[22m[39m[90m 31 |[39m       
          category_id[33m:[39m cat[33m.[39
mrows[[35m0[39m][33m.[39mid[33m,[39m 
location_id[33m:[39m loc[33m.[39mrows[[35
m0[39m][33m.[39mid[33m,[39m
     [90m    |[39m                          
                [31m[1m^[22m[39m
     [90m 32 |[39m                 
title_ar[33m:[39m [32m'┘ü┘è┘ä╪º 
╪º╪«╪¬╪¿╪º╪▒ ╪º┘ä╪╖┘ä╪¿╪º╪¬'[39m[33m,[39m 
description_ar[33m:[39m [32m'┘ê╪╡┘ü 
╪¬╪¼╪▒┘è╪¿┘è ┘ä┘ä┘ü┘è┘ä╪º ┘ä╪º╪«╪¬╪¿╪º╪▒ 
╪º┘ä╪╖┘ä╪¿╪º╪¬ 
┘ê╪º┘ä┘ü┘ê╪º╪¬┘è╪▒'[39m[33m,[39m
     [90m 33 |[39m                 
listing_type[33m:[39m 
[32m'sale'[39m[33m,[39m 
property_origin[33m:[39m 
[32m'primary'[39m[33m,[39m 
finishing_type[33m:[39m 
[32m'fully_finished'[39m[33m,[39m
     [90m 34 |[39m                 
legal_status[33m:[39m 
[32m'registered'[39m[33m,[39m 
price[33m:[39m 
[35m10000000[39m[33m,[39m 
area_sqm[33m:[39m 
[35m350[39m[33m,[39m[0m

      at Object.id (tests/order.test.js:31:42)

  ΓùÅ Orders & Invoices API ΓÇ║ Admin Invoice 
Management ΓÇ║ should mark an invoice as paid

    TypeError: Cannot read properties of 
undefined (reading 'id')

    [0m [90m 29 |[39m             [33m.[3
9m[36mset[39m([32m'Authorization'[39m[33m
,[39m [32m`Bearer ${adminToken}`[39m)
     [90m 30 |[39m             
[33m.[39msend({
    [31m[1m>[22m[39m[90m 31 |[39m       
          category_id[33m:[39m cat[33m.[39
mrows[[35m0[39m][33m.[39mid[33m,[39m 
location_id[33m:[39m loc[33m.[39mrows[[35
m0[39m][33m.[39mid[33m,[39m
     [90m    |[39m                          
                [31m[1m^[22m[39m
     [90m 32 |[39m                 
title_ar[33m:[39m [32m'┘ü┘è┘ä╪º 
╪º╪«╪¬╪¿╪º╪▒ ╪º┘ä╪╖┘ä╪¿╪º╪¬'[39m[33m,[39m 
description_ar[33m:[39m [32m'┘ê╪╡┘ü 
╪¬╪¼╪▒┘è╪¿┘è ┘ä┘ä┘ü┘è┘ä╪º ┘ä╪º╪«╪¬╪¿╪º╪▒ 
╪º┘ä╪╖┘ä╪¿╪º╪¬ 
┘ê╪º┘ä┘ü┘ê╪º╪¬┘è╪▒'[39m[33m,[39m
     [90m 33 |[39m                 
listing_type[33m:[39m 
[32m'sale'[39m[33m,[39m 
property_origin[33m:[39m 
[32m'primary'[39m[33m,[39m 
finishing_type[33m:[39m 
[32m'fully_finished'[39m[33m,[39m
     [90m 34 |[39m                 
legal_status[33m:[39m 
[32m'registered'[39m[33m,[39m 
price[33m:[39m 
[35m10000000[39m[33m,[39m 
area_sqm[33m:[39m 
[35m350[39m[33m,[39m[0m

      at Object.id (tests/order.test.js:31:42)

  console.log
    [90m[2026-02-21T02:51:57.754Z][0m [31mERROR[0m invalid input syntax for type integer: "undefined" {"stack":"error: invalid input syntax for type integer: \"undefined\"\n    at C:\\Users\\dell\\Desktop\\testing\\node_modules\\pg-pool\\index.js:45:11\n    at processTicksAndRejections (node:internal/process/task_queues:105:5)\n    at exports.updatePropertyStatus (C:\\Users\\dell\\Desktop\\testing\\src\\controllers\\propertyController.js:296:24)","url":"/api/properties/undefined/status","method":"PATCH","ip":"::ffff:127.0.0.1","user":1}

PASS tests/auth.test.js
  Auth API Integration Tests
    POST /api/auth/signup
      ΓêÜ should register a new client and 
return a JWT token (289 ms)
      ΓêÜ should block duplicate signup (44 
ms)
      ΓêÜ should reject signup with missing 
fields (44 ms)
    POST /api/auth/login
      ΓêÜ should login with correct 
credentials and return token (184 ms)
      ΓêÜ should reject login with wrong 
password (220 ms)
    GET /api/auth/profile
      ΓêÜ should return profile when 
authenticated (16 ms)
      ΓêÜ should block unauthenticated access 
(12 ms)
    Role-Based Access Control
      ΓêÜ should block client from creating a 
location (admin only) (11 ms)
      ΓêÜ should block client from approving 
properties (admin only) (14 ms)

      at log (src/utils/logger.js:30:17)

  console.log
    [dotenv@17.3.1] injecting env (8) from .env -- tip: ≡ƒ¢á∩╕Å  run anywhere with `dotenvx run -- yourcommand`

      at _log (node_modules/dotenv/lib/main.js:139:11)

  console.log
    [90m[2026-02-21T02:51:57.811Z][0m [31mERROR[0m Invalid email or password. {"stack":"Error: Invalid email or password.\n    at exports.login (C:\\Users\\dell\\Desktop\\testing\\src\\controllers\\authController.js:75:25)","url":"/api/auth/login","method":"POST","ip":"::ffff:127.0.0.1","user":null}

      at log (src/utils/logger.js:30:17)

  console.log
    [90m[2026-02-21T02:51:57.971Z][0m [31mERROR[0m invalid input syntax for type integer: "undefined" {"stack":"error: invalid input syntax for type integer: \"undefined\"\n    at C:\\Users\\dell\\Desktop\\testing\\node_modules\\pg-pool\\index.js:45:11\n    at processTicksAndRejections (node:internal/process/task_queues:105:5)\n    at exports.getPropertyById (C:\\Users\\dell\\Desktop\\testing\\src\\controllers\\propertyController.js:145:24)","url":"/api/properties/undefined","method":"GET","ip":"::ffff:127.0.0.1","user":null}

      at log (src/utils/logger.js:30:17)

  console.log
    [dotenv@17.3.1] injecting env (0) from .env -- tip: ≡ƒ¢á∩╕Å  run anywhere with `dotenvx run -- yourcommand`

      at _log (node_modules/dotenv/lib/main.js:139:11)

  console.warn
    ΓÜá∩╕Å  CORS_ORIGIN not set, allowing all origins (not recommended for production)

    [0m [90m 24 |[39m     }
     [90m 25 |[39m     [36mif[39m ([33m![39mprocess[33m.[39menv[33m.[39m[33mCORS_ORIGIN[39m) {
    [31m[1m>[22m[39m[90m 26 |[39m         console[33m.[39mwarn([32m'ΓÜá∩╕Å  CORS_ORIGIN not set, allowing all origins (not recommended for production)'[39m)[33m;[39m
     [90m    |[39m                 [31m[1m^[22m[39m
     [90m 27 |[39m     }
     [90m 28 |[39m }[33m;[39m
     [90m 29 |[39m[0m

      at warn (src/utils/validateEnv.js:26:17)
      at Object.validateEnv (src/app.js:11:1)
      at Object.require (tests/location.test.js:2:13)

FAIL tests/property.test.js
  Property API Integration Tests
    POST /api/properties
      ├ù should create a new property with 
Arabic bilingual support (17 ms)
      ΓêÜ should block unauthenticated 
property creation (12 ms)
      ΓêÜ should reject property with missing 
required fields (29 ms)
    GET /api/properties
      ΓêÜ should NOT return pending 
properties in public listing (25 ms)
    PATCH /api/properties/:id/status (Admin 
Approval)
      ├ù should approve a pending property 
(36 ms)
      ├ù should now show approved property in 
public listing (198 ms)
      ├ù should return Arabic response when 
queried in Arabic (14 ms)

  ΓùÅ Property API Integration Tests ΓÇ║ POST 
/api/properties ΓÇ║ should create a new 
property with Arabic bilingual support

    TypeError: Cannot read properties of 
undefined (reading 'id')

    [0m [90m 39 |[39m                 [33m
.[39m[36mset[39m([32m'Authorization'[39m
[33m,[39m [32m`Bearer ${authToken}`[39m)
     [90m 40 |[39m                 
[33m.[39msend({
    [31m[1m>[22m[39m[90m 41 |[39m       
              category_id[33m:[39m categorie
s[33m.[39mrows[[35m0[39m][33m.[39mid[33
m,[39m
     [90m    |[39m                          
                           
[31m[1m^[22m[39m
     [90m 42 |[39m                     
location_id[33m:[39m locations[33m.[39mrow
s[[35m0[39m][33m.[39mid[33m,[39m
     [90m 43 |[39m                     
title_ar[33m:[39m [32m'╪┤┘é╪⌐ ┘ü╪º╪«╪▒╪⌐ 
┘ä┘ä╪¿┘è╪╣ ┘ü┘è ╪º┘ä╪¬╪¼┘à╪╣ 
╪º┘ä╪«╪º┘à╪│'[39m[33m,[39m
     [90m 44 |[39m                     
title_en[33m:[39m [32m'Luxury Apartment 
for Sale in Fifth 
Settlement'[39m[33m,[39m[0m

      at Object.id 
(tests/property.test.js:41:53)

  ΓùÅ Property API Integration Tests ΓÇ║ 
PATCH /api/properties/:id/status (Admin 
Approval) ΓÇ║ should approve a pending 
property

    expect(received).toEqual(expected) // 
deep equality

    Expected: 200
    Received: 500

    [0m [90m 120 |[39m                 
[33m.[39msend({ status[33m:[39m 
[32m'approved'[39m })[33m;[39m
     [90m 121 |[39m
    [31m[1m>[22m[39m[90m 122 |[39m      
       expect(res[33m.[39mstatusCode)[33m.
[39mtoEqual([35m200[39m)[33m;[39m
     [90m     |[39m                         
           [31m[1m^[22m[39m
     [90m 123 |[39m             expect(res[
33m.[39mbody[33m.[39msuccess)[33m.[39mtoB
e([36mtrue[39m)[33m;[39m
     [90m 124 |[39m             expect(res[
33m.[39mbody[33m.[39mmessage)[33m.[39mtoB
e([32m'Property approved'[39m)[33m;[39m
     [90m 125 |[39m         
})[33m;[39m[0m

      at Object.toEqual 
(tests/property.test.js:122:36)

  ΓùÅ Property API Integration Tests ΓÇ║ 
PATCH /api/properties/:id/status (Admin 
Approval) ΓÇ║ should now show approved 
property in public listing

    expect(received).toBeDefined()

    Received: undefined

    [0m [90m 131 |[39m
     [90m 132 |[39m             
[36mconst[39m found [33m=[39m res[33m.[3
9mbody[33m.[39mdata[33m.[39mfind(p 
[33m=>[39m p[33m.[39mid [33m===[39m 
createdPropertyId)[33m;[39m
    [31m[1m>[22m[39m[90m 133 |[39m      
       expect(found)[33m.[39mtoBeDefined()[
33m;[39m
     [90m     |[39m                         
  [31m[1m^[22m[39m
     [90m 134 |[39m             expect(found
[33m.[39mtitle)[33m.[39mtoBe([32m'Luxury 
Apartment for Sale in Fifth 
Settlement'[39m)[33m;[39m
     [90m 135 |[39m         })[33m;[39m
     [90m 136 |[39m[0m

      at Object.toBeDefined 
(tests/property.test.js:133:27)

  ΓùÅ Property API Integration Tests ΓÇ║ 
PATCH /api/properties/:id/status (Admin 
Approval) ΓÇ║ should return Arabic response 
when queried in Arabic

    expect(received).toEqual(expected) // 
deep equality

    Expected: 200
    Received: 500

    [0m [90m 140 |[39m                 [33
m.[39m[36mset[39m([32m'Accept-Language'[3
9m[33m,[39m [32m'ar'[39m)[33m;[39m
     [90m 141 |[39m
    [31m[1m>[22m[39m[90m 142 |[39m      
       expect(res[33m.[39mstatusCode)[33m.
[39mtoEqual([35m200[39m)[33m;[39m
     [90m     |[39m                         
           [31m[1m^[22m[39m
     [90m 143 |[39m             expect(res[
33m.[39mbody[33m.[39mdata[33m.[39mtitle)
[33m.[39mtoBe([32m'╪┤┘é╪⌐ ┘ü╪º╪«╪▒╪⌐ 
┘ä┘ä╪¿┘è╪╣ ┘ü┘è ╪º┘ä╪¬╪¼┘à╪╣ 
╪º┘ä╪«╪º┘à╪│'[39m)[33m;[39m
     [90m 144 |[39m         })[33m;[39m
     [90m 145 |[39m     })[33m;[39m[0m

      at Object.toEqual 
(tests/property.test.js:142:36)

  console.log
    [90m[2026-02-21T02:51:58.338Z][0m [34mINFO[0m Application initialized {"routes":["/api/auth","/api/locations","/api/properties","/api/orders","/api/favorites","/api/admin/analytics"]}

      at log (src/utils/logger.js:30:17)

  console.log
    [90m[2026-02-21T02:51:58.811Z][0m [31mERROR[0m "type" is required {"stack":"ValidationError: \"type\" is required","url":"/api/locations","method":"POST","ip":"::ffff:127.0.0.1","user":1}

      at log (src/utils/logger.js:30:17)

  console.log
    [90m[2026-02-21T02:51:58.862Z][0m [31mERROR[0m A location with this name already exists. {"stack":"Error: A location with this name already exists.\n    at exports.createLocation (C:\\Users\\dell\\Desktop\\testing\\src\\controllers\\locationController.js:109:30)\n    at processTicksAndRejections (node:internal/process/task_queues:105:5)","url":"/api/locations","method":"POST","ip":"::ffff:127.0.0.1","user":1}

      at log (src/utils/logger.js:30:17)

PASS tests/location.test.js
  Location API Integration Tests
    POST /api/locations
      ΓêÜ should create a new Governorate in 
English (22 ms)
      ΓêÜ should return Arabic error messages 
if Accept-Language is ar (33 ms)
      ΓêÜ should block duplicate locations 
and return Arabic error (34 ms)
    GET /api/locations
      ΓêÜ should fetch locations structured 
for Arabic UI (9 ms)
      ΓêÜ should fetch locations structured 
for English UI (11 ms)

A worker process has failed to exit 
gracefully and has been force exited. This is 
likely caused by tests leaking due to 
improper teardown. Try running with 
--detectOpenHandles to find leaks. Active 
timers can also cause this, ensure that 
.unref() was called on them.
Test Suites: 2 failed, 2 passed, 4 total
Tests:       12 failed, 17 passed, 29 total
Snapshots:   0 total
Time:        6.057 s
Ran all test suites.
